---
source: src/ui_customization.rs
expression: "super::convert(toml_data.parse().unwrap())"

---
array:
  - val1
  - val2
  - val3
boolean: true
dateTime: "1984-12-09T04:30:00"
floatingPoint: 3.14
infiniteFloat: ~
integer: 42
nanFloat: ~
string: "I'm a string"

